<?xml version="1.0" encoding="utf-8"?><testsuites><testsuite name="pytest" errors="0" failures="0" skipped="0" tests="4" time="6.381" timestamp="2026-02-19T17:45:49.591670" hostname="AR0FVFH24PGQ05N"><testcase classname="tests.model.test_model.TestModel" name="test_model_fit" time="2.063" /><testcase classname="tests.model.test_model.TestModel" name="test_model_predict" time="0.196" /><testcase classname="tests.model.test_model.TestModel" name="test_model_preprocess_for_serving" time="0.229" /><testcase classname="tests.model.test_model.TestModel" name="test_model_preprocess_for_training" time="1.873" /></testsuite></testsuites>